[01:00:52] bedtime campaign starts — sweeps + hourly discone RF7 probes, dawn boost 04:30, ends 07:00
[01:00:52] user is watching — standing down 10 min
[01:14:13] RF7@discone: MER=16.66 loss=19.53% hdrs/s=6.0
[01:14:13] *** CRACKED — VIDEO IS FLOWING FROM THE DISCONE *** holding 10 min to soak the proof
[01:24:15] soak result: MER=16.41 loss=16.34% hdrs/s=5.8
[01:28:02] sweep on Antenna B: done
[02:06:04] sweep on Antenna C: done
[02:14:30] RF7@discone: MER=17.0 loss=11.32% hdrs/s=4.9
[02:14:30] *** CRACKED — VIDEO IS FLOWING FROM THE DISCONE *** holding 10 min to soak the proof
[02:24:31] soak result: MER=17.37 loss=8.93% hdrs/s=5.7
[03:04:01] sweep on Antenna B: done
[03:15:06] RF7@discone: MER=16.83 loss=11.17% hdrs/s=5.9
[03:15:06] *** CRACKED — VIDEO IS FLOWING FROM THE DISCONE *** holding 10 min to soak the proof
[03:25:06] soak result: MER=17.78 loss=9.03% hdrs/s=6.4
[04:06:21] sweep on Antenna C: done
[04:15:26] RF7@discone: MER=17.43 loss=5.6% hdrs/s=6.0
[04:15:26] *** CRACKED — VIDEO IS FLOWING FROM THE DISCONE *** holding 10 min to soak the proof
[04:25:26] soak result: MER=18.21 loss=6.1% hdrs/s=6.4
[04:45:09] RF7@discone: MER=17.64 loss=4.57% hdrs/s=6.0
[04:45:09] *** CRACKED — VIDEO IS FLOWING FROM THE DISCONE *** holding 10 min to soak the proof
[04:55:09] soak result: MER=17.2 loss=9.01% hdrs/s=6.3
[05:04:12] sweep on Antenna B: done
[05:16:38] RF7@discone: MER=16.83 loss=9.1% hdrs/s=6.0
[05:16:38] *** CRACKED — VIDEO IS FLOWING FROM THE DISCONE *** holding 10 min to soak the proof
[05:26:39] soak result: MER=16.34 loss=22.16% hdrs/s=5.4
[05:46:20] RF7@discone: MER=16.23 loss=19.41% hdrs/s=5.3
[05:46:20] *** CRACKED — VIDEO IS FLOWING FROM THE DISCONE *** holding 10 min to soak the proof
[05:56:21] soak result: MER=16.06 loss=19.52% hdrs/s=5.3
[06:07:53] sweep on Antenna C: done
[06:16:59] RF7@discone: MER=16.43 loss=13.75% hdrs/s=5.8
[06:16:59] *** CRACKED — VIDEO IS FLOWING FROM THE DISCONE *** holding 10 min to soak the proof
[06:27:00] soak result: MER=15.69 loss=22.54% hdrs/s=5.2
[06:46:41] RF7@discone: MER=16.7 loss=13.94% hdrs/s=5.8
[06:46:41] *** CRACKED — VIDEO IS FLOWING FROM THE DISCONE *** holding 10 min to soak the proof
[06:56:42] soak result: MER=17.1 loss=13.68% hdrs/s=6.0
[07:00:43] 07:00 — campaign over. cracks: 9
